// Jest Snapshot v1, https://goo.gl/fbAQLP

exports[`<Loader /> should render the component 1`] = `
<div>
  <div
    class="flex justify-center items-center fixed top-0 left-0 w-screen h-screen bg-red-600 z-50"
  >
    <div
      class="w-24 h-24"
    >
      <img
        alt="Loading..."
        class="w-full h-full animate-spin"
        height="100"
        src="/pokeball.svg"
        width="100"
      />
    </div>
  </div>
</div>
`;
