// Jest Snapshot v1, https://goo.gl/fbAQLP

exports[`<ProgressBar /> should render gender label 1`] = `
<div>
  <div
    class="w-full text-center"
  >
    <p
      class="text-gray-700 font-semibold mb-1"
    >
      GÃŠNERO
    </p>
    <div
      class="w-full bg-gray-200 rounded-full h-4 overflow-hidden relative"
    >
      <div
        class="bg-[#2551C3] h-full absolute left-0"
        data-testid="male-bar"
        style="width: 50%;"
      />
      <div
        class="bg-[#FF7596] h-full absolute right-0"
        data-testid="female-bar"
        style="width: 50%;"
      />
    </div>
    <div
      class="flex justify-between text-gray-700 mt-1 text-sm"
    >
      <span
        class="flex items-center font-bold"
      >
        Mars Icon
         
        50.0
        %
      </span>
      <span
        class="flex items-center font-bold"
      >
        Venus Icon
         
        50.0
        %
      </span>
    </div>
  </div>
</div>
`;
