// Jest Snapshot v1, https://goo.gl/fbAQLP

exports[`<Header /> should render the header 1`] = `
<div>
  <header
    class="bg-gray-100 place-content-center flex items-center justify-center w-full text-gray-500 p-4 sm:p-6"
  >
    <div
      class="max-w-[1440px] w-full flex-shrink-0 items-center gap-2"
    >
      <h1
        class="text-lg sm:text-xl font-bold font-[family-name:var(--font-press-start-2p)]"
      >
        Pok√©dex
      </h1>
    </div>
  </header>
</div>
`;
