// Jest Snapshot v1, https://goo.gl/fbAQLP

exports[`<StatsPill /> should render the component 1`] = `
<div>
  <p
    class="text-xs w-fit shadow-lg font-semibold uppercase text-center text-gray-700 bg-white rounded-xl py-2 px-5 hover:bg-gray-100"
  >
    StatsPill
  </p>
</div>
`;
